The backup job completed successfully after contacting https://backup.example.net/files.
A user reported an error while visiting http://portal.example.org/login.
The scanner discovered a service at https://api.example.com/v1/status.
Our developer checked https://dev.example.local/debug.
The monitoring script contacted http://status.example.net/health.
The browser loaded https://cdn.example.org/assets/main.js.
An administrator reviewed http://admin.example.com/users.
The application requested http://api.test.local/data.
The support team opened https://support.example.net/ticket/452.
A scheduled process connected to http://scheduler.example.org/run.
The frontend retrieved https://images.example.com/logo.png.
The old server responded at https://legacy.example.net/index.
A developer tested http://dev-server.example.org/api.
The authentication endpoint is https://auth.example.com/login.
The log collector sent data to http://logs.example.net/upload.
A user downloaded https://files.example.org/archive.zip.
The internal dashboard is running at http://dashboard.example.local/home.
The application redirected to http://accounts.example.com/login.
The security team inspected https://security.example.net/report/22.
A test request was sent to https://staging-api.example.org/test.
The proxy forwarded traffic to http://proxy.example.com/forward.
The documentation is available at https://docs.example.net/api.
An employee opened http://mail.example.org/inbox.
The payment service responded from https://payments.example.com/checkout.
A backup archive was retrieved from http://archive.example.net/data.tar.gz.
The API returned https://api.example.org/users.
The administrator accessed https://panel.example.local/settings.
A test client connected to http://test.example.com/login.
The news service returned https://news.example.net/latest.
The application loaded http://static.example.org/css/main.css.
The VPN gateway is available at https://vpn.example.com/login.
A developer pushed changes to http://git.example.net/project.
The reporting system generated https://reports.example.org/monthly.
The database service responded from http://db.example.local:8080/status.
The browser requested http://shop.example.com/products?id=55.
The monitoring agent checked https://monitor.example.net/check.
A user opened https://blog.example.org/security/article.
The upload service is available at http://upload.example.com/files.
The staging environment responded https://staging.example.net/app.
An internal tool was accessed at http://tools.example.local/manage.
The security scanner requested https://scanner.example.org/results.
The helpdesk portal is running at http://helpdesk.example.com/tickets.
The application fetched https://config.example.net/app.json.
A developer tested http://qa.example.org/application.
The media server returned https://media.example.com/video/123.
The administrator checked http://management.example.net/console.
The user management API is available at https://users.example.org/api.
The old report was retrieved from http://reports-archive.example.com/old.pdf.
The application redirected to https://login.example.net/auth.
A test service responded http://service.example.local/status.
The CDN delivered https://assets.example.org/images/banner.jpg.
The client connected to http://gateway.example.com/api.
A security analyst visited https://incident.example.net/42.
The application requested http://data.example.org/export.
The developer reviewed https://code.example.com/repository.
The server contacted https://update.example.net/packages.
A user visited http://home.example.org/index.html.
The API gateway returned https://gateway.example.com/v2/status.
The test environment is running http://sandbox.example.net/app.
The administrator opened https://console.example.org/dashboard.